// Vitest Snapshot v1, https://vitest.dev/guide/snapshot.html

exports[`public API surface (additive-only) > exports only grow — no removal/rename without a snapshot update 1`] = `
[
  "ALL_PROVENANCE_FIELDS",
  "BoundedReadError",
  "CLOUD_SETTING_SYSTEM_PROMPT",
  "CLOUD_SETTING_WORKSPACE_LOGO",
  "CLOUD_SETTING_WORKSPACE_LOGO_ETAG",
  "CONFIG_SUBDIR",
  "CONNECTED_COLUMNS",
  "CONNECTORS_TABLE",
  "ComposioConnector",
  "ComputedColumnCycleError",
  "ConnectedSourceImmutableError",
  "ConnectorUnavailableError",
  "DEFAULT_ENTRY_TYPES",
  "DEFAULT_MAX_NODES",
  "DEFAULT_STALE_MS",
  "DEFAULT_TYPE_ALIASES",
  "EMBEDDINGS_TABLE",
  "EmbeddingDimensionMismatchError",
  "EmbeddingScanTooLargeError",
  "FileSourceKeyStore",
  "FoldCache",
  "IMMUTABLE_CONNECTED_FIELDS",
  "InMemorySourceKeyStore",
  "InMemoryStateStore",
  "JIRA_MODELS",
  "JIRA_TOOLKIT",
  "LEGACY_MEMBER_GROUP",
  "LOCAL_DB_RELPATH",
  "Lattice",
  "MAX_TRAVERSAL_DEPTH",
  "NATIVE_ENTITY_DEFS",
  "NATIVE_ENTITY_NAMES",
  "NATIVE_REGISTRY_TABLE",
  "PostgresAdapter",
  "ProgressThrottle",
  "ProvenanceImmutableError",
  "READ_ONLY_HEADER",
  "ROOT_DIRNAME",
  "ReferenceUnavailableError",
  "S3UnavailableError",
  "S3_SECRET_TABLE",
  "SQLiteAdapter",
  "SeedReconciliationError",
  "SourceShreddedError",
  "TRUST_COLUMNS",
  "WORKSPACES_SUBDIR",
  "activeWorkspaceLabel",
  "addEdge",
  "addEdges",
  "addWorkspace",
  "adoptNativeEntities",
  "allComputedDeps",
  "analyticsEnabled",
  "applyChunkedMigration",
  "applyReranker",
  "applyTokenBudget",
  "applyWriteEntry",
  "archiveLocalSqlite",
  "assertSafeUrl",
  "attachBlob",
  "audiencePredicate",
  "audienceViewSql",
  "autoFtsColumns",
  "autoUpdate",
  "backfillOwnership",
  "backlinkBoost",
  "benchmarkRetrieval",
  "buildVectorIndex",
  "canManageRoles",
  "checkSlos",
  "chunkText",
  "classifyLinks",
  "clearComposioApiKey",
  "cloudRlsInstalled",
  "collectConnectorKeys",
  "computeColumns",
  "computedColumnDdl",
  "computedColumnOrder",
  "concatRowText",
  "configDir",
  "connectedColumns",
  "contentHash",
  "cosineSimilarity",
  "crawlUrl",
  "createConnector",
  "createReadOnlyHeader",
  "createS3Store",
  "createSQLiteStateStore",
  "decrypt",
  "dedupeAndDetectViews",
  "defaultWorkspaceYaml",
  "defineJiraTables",
  "deleteConnectorRecord",
  "deleteDbCredential",
  "deleteToken",
  "deriveCanonicalContexts",
  "deriveKey",
  "describeImage",
  "describePdf",
  "detectAsOf",
  "detectAsOfCandidates",
  "detectAsOfColumns",
  "detectRetrievalRegressions",
  "diagnoseRetrieval",
  "disconnectConnector",
  "discoverCloudTables",
  "dropVectorIndex",
  "enableAudienceView",
  "enableChangelogRls",
  "enableConnectorRls",
  "enableRlsForTable",
  "encrypt",
  "enrichKnowledge",
  "ensureCheckpointTable",
  "ensureConnectorRegistry",
  "ensureEdgesTable",
  "ensureEmbeddingsTable",
  "ensureFtsIndex",
  "ensureLatticeRoot",
  "entityFileNames",
  "estimateTokens",
  "evaluateRetrieval",
  "excelToRecords",
  "extractEdgesFromColumn",
  "extractObjects",
  "filePresignSql",
  "findLatticeRoot",
  "fixSchemaConflicts",
  "foldEntity",
  "formatHealthReport",
  "frontmatter",
  "ftsTableName",
  "fullTextSearch",
  "generateEntryId",
  "generateMemberPassword",
  "generateWriteEntryId",
  "getActiveWorkspace",
  "getCloudSetting",
  "getComposioApiKey",
  "getConnector",
  "getConnectorByToolkit",
  "getDbCredential",
  "getMigrationCheckpoint",
  "getOrCreateMasterKey",
  "getTablePolicy",
  "getToolkitSpec",
  "getWorkspace",
  "grantPresignerToMemberGroup",
  "graphAdjacencyBoost",
  "hasFilePresigner",
  "hasFtsIndex",
  "hasVectorIndex",
  "hashFile",
  "hybridSearch",
  "importLegacyUserConfig",
  "inferFieldType",
  "inferSchema",
  "installCloudRls",
  "installCloudSettings",
  "installFilePresigner",
  "isEncrypted",
  "isNativeEntity",
  "isPostgresUrl",
  "isPrivateIp",
  "isRetryableDbError",
  "isRowAudience",
  "latencyStats",
  "listConnectors",
  "listDbCredentials",
  "listMigrationCheckpoints",
  "listNativeBindings",
  "listTokens",
  "listWorkspaces",
  "loadColumnPolicy",
  "loadComposioClient",
  "manifestPath",
  "markdownTable",
  "matchSchemaToExisting",
  "materializeImport",
  "memberGroupFor",
  "memberRoleName",
  "migrateLatticeData",
  "neighbors",
  "normalizeName",
  "observationVisible",
  "observationsFromChange",
  "openTargetLatticeForMigration",
  "openUnderSource",
  "organizeSource",
  "parseCellDate",
  "parseConfigFile",
  "parseConfigString",
  "parseMarkdownEntries",
  "parseMatches",
  "parseObjects",
  "parseSessionMD",
  "parseSessionWrites",
  "percentile",
  "probeCloud",
  "provenanceColumns",
  "providerForUrl",
  "provisionMemberRole",
  "rankingBoost",
  "readIdentity",
  "readManifest",
  "readPreferences",
  "readRegistry",
  "readToken",
  "recencyBoost",
  "recordSync",
  "referenceLocalFile",
  "referenceUrl",
  "refreshEmbeddings",
  "regenerateAudienceViewFromDb",
  "registerJiraToolkit",
  "registerNativeEntities",
  "registerToolkit",
  "registeredToolkits",
  "registryPath",
  "removeEdge",
  "removeEmbedding",
  "renameEntities",
  "resolveActiveS3Config",
  "resolveLatticeRoot",
  "resolveProvenanceFields",
  "resolveSource",
  "resolveTrustDefault",
  "resolveWorkspacePaths",
  "resumeMigration",
  "revertMigration",
  "revokeMemberRole",
  "rewardBoost",
  "rollupColumnDdl",
  "rootConfigDir",
  "s3Key",
  "saveDbCredential",
  "saveDbCredentialForTeam",
  "sealUnderSource",
  "searchByEmbedding",
  "searchVectorIndex",
  "secureCloud",
  "seedColumnPolicyFromYaml",
  "semanticChunker",
  "setActiveWorkspace",
  "setCloudS3Secret",
  "setCloudSetting",
  "setColumnAudience",
  "setComposioApiKey",
  "setConnectorStatus",
  "setRowVisibility",
  "setTableDefaultVisibility",
  "setTableNeverShare",
  "shredSource",
  "slugify",
  "sourceRecords",
  "startGuiServer",
  "storeEmbedding",
  "summarizeText",
  "syncConnector",
  "syncIfStale",
  "syncStaleConnectors",
  "tableNeedsAudienceView",
  "toSafeDirName",
  "traverse",
  "truncate",
  "validateEntryId",
  "vectorIndexAvailable",
  "vectorIndexName",
  "withRetry",
  "workspaceBlobsDir",
  "workspaceConfigPath",
  "workspaceContextDir",
  "workspaceDataDir",
  "workspaceDbPath",
  "workspaceDir",
  "workspacesDir",
  "writeIdentity",
  "writeManifest",
  "writePreferences",
  "writeRegistry",
  "writeToken",
]
`;
